kCell { } ( kseq { }(inj{BExpResult{}, KItem{}}(False{}()), dotk{}()))
