[  ]

module PEANO
  symbol zero { } (  ) : Nat { } [ ]
  symbol succ { } ( Nat { } ) : Nat { } [ ]
  symbol plus { } ( Nat { } , Nat { } ) : Nat { } [ function { } ( ) ]
  sort Nat { } [ ]
  syntax Nat ::=
    "zero" [ klabel ( zero ) ]
    | "succ" "(" Nat ")" [ klabel ( succ ) ]
    | "plus" "(" Nat "," Nat ")" [ klabel ( plus ), function ]
  rule plus(zero(), Y:Nat) => Y
  rule plus(succ(X:Nat), Y:Nat) => succ(plus(X, Y))

endmodule [  ]

