kseq{}(inj{SortFoo{}, SortKItem{}}(Lblbuzz'Unds'FOOBAR'Unds'{}()), dotk{}())
