kseq{}(inj{Nat{}, KItem{}}(succ{}(succ{}(succ{}(succ{}(zero{}()))))), dotk{}())
