impCell{}(
    kCell{}(kseq{}(inj{BExpResult{}, KItem{}}(False{}()), dotk{}())),
    aCell{}(False{}())
)